node.exe : - Generating browser 
application bundles (phase: 
setup)...
En línea: 1 Carácter: 1
+ & "C:\Program 
Files\nodejs/node.exe" 
"C:\Program Files\nodejs/node_mo 
...
+ ~~~~~~~~~~~~~~~~~~~~~~~~~~~~~~~
~~~~~~~~~~~~~~~~~~~~~~~~~~~~~~~~~
~~~~~
    + CategoryInfo          : No 
   tSpecified: (- Generating br  
  ...hase: setup)...:String) [   
 ], RemoteException
    + FullyQualifiedErrorId : Na 
   tiveCommandError
 
Ô£ö Browser application bundle 
generation complete.
Ô£ö Browser application bundle 
generation complete.
- Copying assets...
Ô£ö Copying assets complete.
- Generating index html...
- Generating index html...
1 rules skipped due to selector 
errors:
  .form-floating>~label -> Did 
not expect successive traversals.
Ô£ö Index html generation 
complete.

Initial chunk files           | Names                                  |  Raw size | Estimated transfer size
main.b3aa3e9d3498a847.js      | main                                   | 721.54 kB |               147.64 kB
styles.2c9a7af838c72ea0.css   | styles                                 | 223.58 kB |                22.71 kB
scripts.425520de70bbab43.js   | scripts                                |  77.73 kB |                20.88 kB
polyfills.b111ad66463915ea.js | polyfills                              |  34.00 kB |                11.11 kB
runtime.b300d7888118a2b9.js   | runtime                                |   2.77 kB |                 1.30 kB

                              | Initial total                          |   1.03 MB |               203.64 kB

Lazy chunk files              | Names                                  |  Raw size | Estimated transfer size
748.ee1da69477ae05e1.js       | features-citas-agendar-citas-component | 286.16 kB |                69.68 kB
228.fecdd32205f07543.js       | features-chat-chat-general-component   |  80.00 kB |                22.05 kB

Build at: 2026-02-12T11:50:03.892Z - Hash: 5d8e6e96528ad827 - Time: 8283ms

Warning: src/app/features/contrat
os/planificacion-intervenciones.c
omponent.ts:55:72 - warning 
NG8107: The left side of this 
optional chain operation does 
not include 'null' or 
'undefined' in its type, 
therefore the '?.' operator can 
be replaced with the '.' 
operator.

55         <div class="step" 
[class.done]="!!(contratoBaseId 
|| contrato?.contratoId)">3. 
Contrato creado</div>
                                 
                                 
        ~~~~~~~~~~


Warning: C:\Users\Usuario\Desktop
\gestion-ingenieria-v2\frontend\s
rc\app\features\chat\chat-general
.component.ts depends on 
'@stomp/stompjs'. CommonJS or 
AMD dependencies can cause 
optimization bailouts.
For more info see: https://angula
r.io/guide/build#configuring-comm
onjs-dependencies

Warning: C:\Users\Usuario\Desktop
\gestion-ingenieria-v2\frontend\s
rc\app\features\chat\chat-general
.component.ts depends on 
'sockjs-client'. CommonJS or AMD 
dependencies can cause 
optimization bailouts.
For more info see: https://angula
r.io/guide/build#configuring-comm
onjs-dependencies

Warning: C:\Users\Usuario\Desktop
\gestion-ingenieria-v2\frontend\s
rc\app\features\proveedores\prove
edor-ficha.component.ts depends 
on 'sweetalert2'. CommonJS or 
AMD dependencies can cause 
optimization bailouts.
For more info see: https://angula
r.io/guide/build#configuring-comm
onjs-dependencies


